src/lib/iqra/03-memory/memory.ts(234,39): error TS2347: Untyped function calls may not accept type arguments.
src/lib/iqra/03-memory/memory.ts(236,9): error TS2322: Type 'unknown' is not assignable to type 'T | null'.
src/lib/iqra/03-memory/memory.ts(278,33): error TS18046: 'total' is of type 'unknown'.
src/lib/iqra/03-memory/memory.ts(279,80): error TS18046: 'total' is of type 'unknown'.
src/lib/iqra/03-memory/memory.ts(311,30): error TS2347: Untyped function calls may not accept type arguments.
src/lib/iqra/03-memory/memory.ts(362,19): error TS2347: Untyped function calls may not accept type arguments.
src/lib/iqra/03-memory/memory.ts(376,9): error TS2345: Argument of type '"NO_MOCK: Cannot compute Fithrah centroid without valid embedding history"' is not assignable to parameter of type 'SovereignErrorCode'.
src/lib/iqra/03-memory/memory.ts(377,28): error TS2339: Property 'MISSING_DATA' does not exist on type 'typeof SovereignErrorCode'.
src/lib/iqra/03-memory/memory.ts(436,19): error TS2347: Untyped function calls may not accept type arguments.
src/lib/iqra/03-memory/memory.ts(458,13): error TS2339: Property 'error' does not exist on type 'unknown'.
src/lib/iqra/03-memory/memory.ts(522,31): error TS7006: Parameter 'hit' implicitly has an 'any' type.
src/lib/iqra/03-memory/memory_bridge.ts(237,42): error TS5097: An import path can only end with a '.ts' extension when 'allowImportingTsExtensions' is enabled.
src/lib/iqra/03-memory/memory_bridge.ts(270,42): error TS5097: An import path can only end with a '.ts' extension when 'allowImportingTsExtensions' is enabled.
src/lib/iqra/03-memory/memory_bridge.ts(291,42): error TS5097: An import path can only end with a '.ts' extension when 'allowImportingTsExtensions' is enabled.
src/lib/iqra/03-memory/memory_bridge.ts(389,44): error TS5097: An import path can only end with a '.ts' extension when 'allowImportingTsExtensions' is enabled.
src/lib/iqra/03-memory/memory_topology.ts(196,49): error TS5097: An import path can only end with a '.ts' extension when 'allowImportingTsExtensions' is enabled.
src/lib/iqra/03-memory/memory_topology.ts(300,53): error TS5097: An import path can only end with a '.ts' extension when 'allowImportingTsExtensions' is enabled.
src/lib/iqra/03-memory/micro_memory.ts(995,25): error TS2677: A type predicate's type must be assignable to its parameter's type.
  Type 'SimilarPattern' is not assignable to type '{ id: any; verse: any; field: any; resonance_score: any; similarity: number; shannon_hel: any; }'.
    Property 'shannon_hel' is optional in type 'SimilarPattern' but required in type '{ id: any; verse: any; field: any; resonance_score: any; similarity: number; shannon_hel: any; }'.
src/lib/iqra/03-memory/micro_memory.ts(996,23): error TS18047: 'b' is possibly 'null'.
src/lib/iqra/03-memory/micro_memory.ts(996,38): error TS18047: 'a' is possibly 'null'.
src/lib/iqra/03-memory/micro_memory.ts(999,5): error TS2322: Type '({ id: any; verse: any; field: any; resonance_score: any; similarity: number; shannon_hel: any; } | null)[]' is not assignable to type 'SimilarPattern[]'.
  Type '{ id: any; verse: any; field: any; resonance_score: any; similarity: number; shannon_hel: any; } | null' is not assignable to type 'SimilarPattern'.
    Type 'null' is not assignable to type 'SimilarPattern'.
src/lib/iqra/03-memory/pattern_memory.ts(210,32): error TS2339: Property 'map' does not exist on type '{}'.
src/lib/iqra/03-memory/pattern_memory.ts(297,22): error TS2339: Property 'vectors_count' does not exist on type '{}'.
src/lib/iqra/03-memory/pulse_369.ts(241,44): error TS5097: An import path can only end with a '.ts' extension when 'allowImportingTsExtensions' is enabled.
src/lib/iqra/03-memory/pulse_369.ts(304,44): error TS5097: An import path can only end with a '.ts' extension when 'allowImportingTsExtensions' is enabled.
src/lib/iqra/03-memory/pulse_369.ts(356,44): error TS5097: An import path can only end with a '.ts' extension when 'allowImportingTsExtensions' is enabled.
src/lib/iqra/03-memory/pulse_369.ts(438,47): error TS5097: An import path can only end with a '.ts' extension when 'allowImportingTsExtensions' is enabled.
src/lib/iqra/04-quran/curiosity_engine.ts(25,29): error TS2345: Argument of type 'string' is not assignable to parameter of type 'QalbinKind'.
src/lib/iqra/04-quran/daily_learning.ts(9,10): error TS2305: Module '"./quran_loader"' has no exported member 'fetchSurah'.
src/lib/iqra/04-quran/daily_learning.ts(10,10): error TS2305: Module '"./pattern_engine"' has no exported member 'discoverPatterns'.
src/lib/iqra/04-quran/daily_learning.ts(71,28): error TS2339: Property 'verification' does not exist on type 'QuranPattern'.
src/lib/iqra/04-quran/discovery_loop.ts(56,112): error TS2554: Expected 1-2 arguments, but got 3.
src/lib/iqra/04-quran/discovery_loop.ts(59,64): error TS2554: Expected 1 arguments, but got 3.
src/lib/iqra/04-quran/discovery_loop.ts(61,70): error TS2339: Property 'is_valid' does not exist on type 'ResonanceResult'.
src/lib/iqra/04-quran/pattern_engine.ts(77,35): error TS2339: Property 'match' does not exist on type '{ response: string; provider: string; reports?: any[] | undefined; }'.
src/lib/iqra/04-quran/qalbin/poc_validation.test.ts(16,27): error TS18048: 'res1.lessons' is possibly 'undefined'.
src/lib/iqra/04-quran/qalbin/poc_validation.test.ts(37,61): error TS18048: 'res3.lessons' is possibly 'undefined'.
src/lib/iqra/04-quran/qalbin/poc_validation.test.ts(38,7): error TS18048: 'res3.lessons' is possibly 'undefined'.
src/lib/iqra/04-quran/qalbin/qalbin_vm.ts(9,10): error TS2459: Module '"#security/security"' declares 'SovereignError' locally, but it is not exported.
src/lib/iqra/04-quran/qalbin/qalbin_vm.ts(9,26): error TS2459: Module '"#security/security"' declares 'SovereignErrorCode' locally, but it is not exported.
src/lib/iqra/04-quran/qalbin/quran_seeds.ts(40,31): error TS2345: Argument of type '"RA" | "MEEM"' is not assignable to parameter of type 'QalbinKind'.
  Type '"MEEM"' is not assignable to type 'QalbinKind'.
src/lib/iqra/04-quran/qalbin/quran_seeds.ts(108,33): error TS2345: Argument of type '"MEEM"' is not assignable to parameter of type 'QalbinKind'.
src/lib/iqra/04-quran/qalbin/quran_seeds.ts(140,31): error TS2345: Argument of type '"MEEM"' is not assignable to parameter of type 'QalbinKind'.
src/lib/iqra/04-quran/qalbin/quran_seeds.ts(175,29): error TS2345: Argument of type '"MEEM"' is not assignable to parameter of type 'QalbinKind'.
src/lib/iqra/04-quran/resonance/universal_constants.ts(29,67): error TS2345: Argument of type 'number' is not assignable to parameter of type 'Record<string, any>'.
src/lib/iqra/04-quran/resonance/universal_constants.ts(30,67): error TS2345: Argument of type 'number' is not assignable to parameter of type 'Record<string, any>'.
src/lib/iqra/04-quran/resonance/universal_constants.ts(31,67): error TS2345: Argument of type 'number' is not assignable to parameter of type 'Record<string, any>'.
src/lib/iqra/04-quran/resonance/universal_constants.ts(44,66): error TS2345: Argument of type 'number' is not assignable to parameter of type 'Record<string, any>'.
src/lib/iqra/04-quran/resonance/universal_constants.ts(45,68): error TS2345: Argument of type 'number' is not assignable to parameter of type 'Record<string, any>'.
src/lib/iqra/04-quran/resonance/universal_constants.ts(57,67): error TS2345: Argument of type 'number' is not assignable to parameter of type 'Record<string, any>'.
src/lib/iqra/04-quran/resonance/universal_constants.ts(58,65): error TS2345: Argument of type 'number' is not assignable to parameter of type 'Record<string, any>'.
src/lib/iqra/04-quran/resonance/universal_constants.ts(70,66): error TS2345: Argument of type 'number' is not assignable to parameter of type 'Record<string, any>'.
src/lib/iqra/04-quran/resonance/universal_constants.ts(71,65): error TS2345: Argument of type 'number' is not assignable to parameter of type 'Record<string, any>'.
src/lib/iqra/04-quran/sovereign_connector.ts(5,14): error TS2515: Non-abstract class 'SovereignConnector' does not implement inherited abstract member name from class 'BaseConnector'.
src/lib/iqra/04-quran/sovereign_connector.ts(30,56): error TS2353: Object literal may only specify known properties, and 'total_tokens' does not exist in type '{ prompt_tokens: number; completion_tokens: number; }'.
src/lib/iqra/04-quran/topological_curiosity.ts(114,30): error TS2304: Cannot find name 'CodebaseTopologyMapper'.
src/lib/iqra/05-rewards/engine.ts(150,24): error TS2322: Type 'Promise<string>' is not assignable to type 'string'.
src/lib/iqra/06-security/audit/muraqabah_agent.ts(42,34): error TS2339: Property 'run' does not exist on type 'LlmAgent'.
src/lib/iqra/06-security/audit/symbolic_auditor.ts(66,19): error TS2339: Property 'toLowerCase' does not exist on type 'ConnectorResponse'.
src/lib/iqra/06-security/damir_kernel.ts(10,10): error TS2459: Module '"#security/security"' declares 'SovereignError' locally, but it is not exported.
src/lib/iqra/06-security/damir_kernel.ts(10,26): error TS2459: Module '"#security/security"' declares 'SovereignErrorCode' locally, but it is not exported.
src/lib/iqra/06-security/damir_kernel.ts(76,64): error TS18046: 'e' is of type 'unknown'.
src/lib/iqra/06-security/damir_kernel.ts(82,47): error TS18046: 'e' is of type 'unknown'.
src/lib/iqra/06-security/damir_kernel.ts(88,20): error TS18046: 'e' is of type 'unknown'.
src/lib/iqra/06-security/damir_kernel.ts(94,38): error TS18046: 'e' is of type 'unknown'.
src/lib/iqra/06-security/forbidden_patterns.ts(146,46): error TS2322: Type '"critical"' is not assignable to type '"low"'.
src/lib/iqra/06-security/forbidden_patterns.ts(147,49): error TS2367: This comparison appears to be unintentional because the types '"low"' and '"critical"' have no overlap.
src/lib/iqra/06-security/forbidden_patterns.ts(147,77): error TS2322: Type '"high"' is not assignable to type '"low"'.
src/lib/iqra/06-security/forbidden_patterns.ts(148,96): error TS2322: Type '"medium"' is not assignable to type '"low"'.
src/lib/iqra/06-security/sovereign_identity.ts(24,41): error TS2339: Property 'getErrorCount' does not exist on type 'typeof IQRAMemory'.
src/lib/iqra/07-llm/ollama.ts(238,50): error TS5097: An import path can only end with a '.ts' extension when 'allowImportingTsExtensions' is enabled.
src/lib/iqra/08-cognitive/api_client.ts(34,9): error TS2353: Object literal may only specify known properties, and 'id' does not exist in type 'QuranVerse'.
src/lib/iqra/08-skills/caveman_skill.ts(125,16): error TS2339: Property 'debug' does not exist on type 'typeof IQRALogger'.
src/lib/iqra/08-skills/inverse_design.ts(37,5): error TS2322: Type 'ConnectorResponse' is not assignable to type 'string'.
src/lib/iqra/09-evolution/__tests__/experience_buffer.test.ts(12,61): error TS2307: Cannot find module 'bun:test' or its corresponding type declarations.
src/lib/iqra/09-evolution/__tests__/experience_buffer.test.ts(17,3): error TS2459: Module '"../experience_buffer"' declares 'EbbinghausEngine' locally, but it is not exported.
src/lib/iqra/09-evolution/experience_buffer.ts(33,35): error TS2307: Cannot find module '../../../agents/contracts' or its corresponding type declarations.
src/lib/iqra/09-evolution/league_manager.ts(78,30): error TS2339: Property 'match' does not exist on type 'ConnectorResponse'.
src/lib/iqra/09-evolution/learning/closed_loop.ts(301,31): error TS2304: Cannot find name 'DoctrinalGuard'.
src/lib/iqra/09-evolution/run_evolution.ts(42,51): error TS18046: 'e' is of type 'unknown'.
src/lib/iqra/11-trading/bybit_client.ts(40,29): error TS2345: Argument of type 'Record<string, unknown>' is not assignable to parameter of type 'string | URLSearchParams | Record<string, string> | string[][] | undefined'.
  Type 'Record<string, unknown>' is missing the following properties from type 'string[][]': length, pop, push, concat, and 29 more.
src/lib/iqra/11-trading/self_play_loop.ts(5,10): error TS2305: Module '"#workers/reporter"' has no exported member 'MissionReporter'.
src/lib/iqra/11-trading/self_play_loop.ts(67,9): error TS2345: Argument of type '"MARKET_EXECUTION"' is not assignable to parameter of type '"Annihilation" | "Commutation" | "Other" | undefined'.
src/lib/iqra/12-infrastructure/heartbeat.ts(401,59): error TS2307: Cannot find module '../quran/topological_curiosity.js' or its corresponding type declarations.
src/lib/iqra/12-infrastructure/r2_storage.ts(9,16): error TS2304: Cannot find name 'R2Bucket'.
src/lib/iqra/12-infrastructure/tools_registry.ts(175,17): error TS2339: Property 'QuranLoader' does not exist on type 'typeof import("/Applications/iqra/src/lib/iqra/04-quran/quran_loader")'.
src/lib/iqra/12-infrastructure/tools_registry.ts(202,53): error TS2307: Cannot find module '../quran/numerical_validator.js' or its corresponding type declarations.
src/lib/iqra/12-infrastructure/tools_registry.ts(241,48): error TS2307: Cannot find module '../quran/pattern_hunter.js' or its corresponding type declarations.
src/lib/iqra/12-infrastructure/tools_registry.ts(261,48): error TS2307: Cannot find module '../quran/pattern_hunter.js' or its corresponding type declarations.
src/lib/iqra/12-infrastructure/tools_registry.ts(274,48): error TS2307: Cannot find module '../quran/pattern_hunter.js' or its corresponding type declarations.
src/lib/iqra/12-infrastructure/tools_registry.ts(286,48): error TS2307: Cannot find module '../quran/pattern_hunter.js' or its corresponding type declarations.
src/lib/iqra/12-infrastructure/tools_registry.ts(390,17): error TS2339: Property 'IQRAHeartbeat' does not exist on type 'typeof import("/Applications/iqra/src/lib/iqra/12-infrastructure/heartbeat")'.
src/lib/iqra/12-infrastructure/tools_registry.ts(406,17): error TS2339: Property 'IQRAHeartbeat' does not exist on type 'typeof import("/Applications/iqra/src/lib/iqra/12-infrastructure/heartbeat")'.
src/lib/iqra/13-utils/browser_manager.ts(1,29): error TS2307: Cannot find module 'playwright' or its corresponding type declarations.
src/lib/iqra/13-utils/email.ts(35,5): error TS2561: Object literal may only specify known properties, but 'replyTo' does not exist in type 'CreateEmailOptions'. Did you mean to write 'reply_to'?
src/lib/iqra/13-utils/telegram_bot.ts(45,33): error TS2307: Cannot find module 'grammy' or its corresponding type declarations.
src/lib/iqra/simulation/mcts_engine.ts(38,7): error TS2783: 'simulations' is specified more than once, so this usage will be overwritten.
src/lib/iqra/simulation/mcts_engine.ts(39,7): error TS2783: 'exploration' is specified more than once, so this usage will be overwritten.
src/lib/iqra/simulation/mcts_engine.ts(40,7): error TS2783: 'rollout_depth' is specified more than once, so this usage will be overwritten.
src/lib/iqra/simulation/mcts_engine.ts(41,7): error TS2783: 'time_limit' is specified more than once, so this usage will be overwritten.
src/scripts_v2/auto_improve.ts(250,26): error TS2351: This expression is not constructable.
  Type 'typeof import("/Applications/iqra/node_modules/@google/generative-ai/dist/generative-ai")' has no construct signatures.
src/scripts_v2/auto_improve.ts(303,42): error TS2345: Argument of type '{ title: string; steps: string[]; files: string[]; acceptance: string; }' is not assignable to parameter of type '{ title: string; steps: string[]; files: string[]; acceptance: string; type: string; }'.
  Property 'type' is missing in type '{ title: string; steps: string[]; files: string[]; acceptance: string; }' but required in type '{ title: string; steps: string[]; files: string[]; acceptance: string; type: string; }'.
src/scripts_v2/auto_improve.ts(316,410): error TS2552: Cannot find name 'text'. Did you mean 'Text'?
src/scripts_v2/auto_improve.ts(571,12): error TS2454: Variable 'sim' is used before being assigned.
src/scripts_v2/dashboard.ts(10,21): error TS2307: Cannot find module 'blessed' or its corresponding type declarations.
src/scripts_v2/interact.ts(41,10): error TS2305: Module '"#utils/prompts"' has no exported member 'MISSION_PROMPTS'.
src/scripts_v2/interact.ts(373,11): error TS2339: Property 'MISSION_PROMPTS' does not exist on type 'typeof import("/Applications/iqra/src/lib/iqra/13-utils/prompts")'.
src/scripts_v2/marathon.ts(68,41): error TS2339: Property 'generateCommitMessage' does not exist on type 'typeof IQRAStoryteller'.
src/scripts_v2/marathon.ts(76,25): error TS2339: Property 'logToHadith' does not exist on type 'typeof IQRAStoryteller'.
src/scripts_v2/poc_run.ts(7,30): error TS2307: Cannot find module './lib/iqra/quran/discovery_loop' or its corresponding type declarations.
src/scripts_v2/smart_fixer.ts(88,3): error TS4104: The type 'readonly Diagnostic[]' is 'readonly' and cannot be assigned to the mutable type 'Diagnostic[]'.
src/scripts_v2/test_runtime_integrity.ts(7,30): error TS2307: Cannot find module '#runtime/sovereign-gateway' or its corresponding type declarations.
src/scripts_v2/test_runtime_integrity.ts(8,42): error TS2307: Cannot find module '#runtime/topological-memory-bridge' or its corresponding type declarations.
src/scripts_v2/trading_pulse.ts(3,10): error TS2305: Module '"#utils/telegram_bot"' has no exported member 'TelegramBot'.
src/scripts_v2/verify_unification.ts(1,40): error TS2307: Cannot find module './lib/iqra/workers/protocol' or its corresponding type declarations.
src/scripts_v2/verify_unification.ts(2,40): error TS2307: Cannot find module './agents/contracts' or its corresponding type declarations.
src/tests/01_security_trustchain.e2e.ts(15,8): error TS2307: Cannot find module '../lib/iqra/security' or its corresponding type declarations.
src/tests/02_filter_fitrah.e2e.ts(9,28): error TS2307: Cannot find module '../lib/iqra/filter' or its corresponding type declarations.
src/tests/03_groq_resonance.e2e.ts(12,8): error TS2307: Cannot find module '../lib/iqra/llm/groq' or its corresponding type declarations.
src/tests/05_curiosity_engine.e2e.ts(11,48): error TS2307: Cannot find module '../lib/iqra/quran/curiosity' or its corresponding type declarations.
src/tests/05_curiosity_engine.e2e.ts(12,58): error TS2307: Cannot find module '../lib/iqra/utils/similarity' or its corresponding type declarations.
src/tests/06_topology_loop.e2e.ts(9,47): error TS2307: Cannot find module '../lib/iqra/quran/topology' or its corresponding type declarations.
src/tests/06_topology_loop.e2e.ts(11,36): error TS2307: Cannot find module '../lib/iqra/quran/nested_sevens' or its corresponding type declarations.
src/tests/07_sovereign_evolution.e2e.ts(9,33): error TS2307: Cannot find module '../lib/iqra/sovereign' or its corresponding type declarations.
src/tests/07_sovereign_evolution.e2e.ts(12,36): error TS2307: Cannot find module '../lib/iqra/security' or its corresponding type declarations.
src/tests/08_commit_learning.e2e.ts(18,8): error TS2307: Cannot find module '../lib/iqra/learning/commit_learner' or its corresponding type declarations.
src/tests/08_commit_learning.e2e.ts(23,8): error TS2307: Cannot find module '../lib/iqra/design/stitch' or its corresponding type declarations.
src/tests/08_commit_learning.e2e.ts(46,39): error TS7006: Parameter 'c' implicitly has an 'any' type.
src/tests/08_commit_learning.e2e.ts(51,36): error TS7006: Parameter 'acc' implicitly has an 'any' type.
src/tests/08_commit_learning.e2e.ts(51,41): error TS7006: Parameter 'c' implicitly has an 'any' type.
src/tests/08_commit_learning.e2e.ts(119,36): error TS7006: Parameter 'd' implicitly has an 'any' type.
src/tests/09_doctrinal_guard.e2e.ts(11,53): error TS2307: Cannot find module '../lib/iqra/quran/doctrinal_guard' or its corresponding type declarations.
src/tests/09_doctrinal_guard.e2e.ts(19,8): error TS2307: Cannot find module '../lib/iqra/learning/closed_loop' or its corresponding type declarations.
src/tests/09_doctrinal_guard.e2e.ts(180,19): error TS7006: Parameter 't' implicitly has an 'any' type.
src/tests/curiosity.test.ts(1,33): error TS2307: Cannot find module '../lib/iqra/quran/curiosity' or its corresponding type declarations.
src/tests/curiosity.test.ts(2,29): error TS2307: Cannot find module '../lib/iqra/utils/similarity' or its corresponding type declarations.
src/tests/curiosity.test.ts(3,27): error TS2307: Cannot find module '../lib/iqra/security' or its corresponding type declarations.
src/tests/curiosity.test.ts(4,23): error TS2307: Cannot find module '../lib/iqra/llm/groq' or its corresponding type declarations.
src/tests/debug_alias.test.ts(2,33): error TS2307: Cannot find module '#security/conscience/damir_conscience' or its corresponding type declarations.
src/tests/decode_world_code.test.ts(2,39): error TS2307: Cannot find module '../lib/iqra/quran/market_resonance' or its corresponding type declarations.
src/tests/decode_world_code.test.ts(3,30): error TS2307: Cannot find module '../lib/iqra/rewards/engine' or its corresponding type declarations.
src/tests/e2e/10_serendipity_exploration.e2e.ts(2,33): error TS2307: Cannot find module '../../orchestrator/topological-loop' or its corresponding type declarations.
src/tests/e2e/10_serendipity_exploration.e2e.ts(4,28): error TS2307: Cannot find module '#03-memory/memory' or its corresponding type declarations.
src/tests/e2e/10_serendipity_exploration.e2e.ts(5,30): error TS2307: Cannot find module '../../rewards/engine' or its corresponding type declarations.
src/tests/e2e/10_serendipity_exploration.e2e.ts(6,30): error TS2307: Cannot find module '../../ledger/reward-ledger' or its corresponding type declarations.
src/tests/e2e/10_serendipity_exploration.e2e.ts(52,65): error TS2345: Argument of type '{ response: string; reports: any; context: { novelty: number; resonance: { coherence: number; }; }; }' is not assignable to parameter of type '{ response: string; reports: WorkerReport[]; provider: string; context: any; }'.
  Property 'provider' is missing in type '{ response: string; reports: any; context: { novelty: number; resonance: { coherence: number; }; }; }' but required in type '{ response: string; reports: WorkerReport[]; provider: string; context: any; }'.
src/tests/e2e/10_serendipity_exploration.e2e.ts(114,65): error TS2345: Argument of type '{ response: string; reports: any; context: { novelty: number; resonance: { coherence: number; }; }; }' is not assignable to parameter of type '{ response: string; reports: WorkerReport[]; provider: string; context: any; }'.
  Property 'provider' is missing in type '{ response: string; reports: any; context: { novelty: number; resonance: { coherence: number; }; }; }' but required in type '{ response: string; reports: WorkerReport[]; provider: string; context: any; }'.
src/tests/e2e/10_serendipity_exploration.e2e.ts(160,65): error TS2345: Argument of type '{ response: string; reports: any; context: {}; }' is not assignable to parameter of type '{ response: string; reports: WorkerReport[]; provider: string; context: any; }'.
  Property 'provider' is missing in type '{ response: string; reports: any; context: {}; }' but required in type '{ response: string; reports: WorkerReport[]; provider: string; context: any; }'.
src/tests/e2e/debug_mission.test.ts(3,28): error TS2307: Cannot find module '#01-core/mission-runner' or its corresponding type declarations.
src/tests/e2e/filter_sanity.test.ts(2,28): error TS2307: Cannot find module '#filter' or its corresponding type declarations.
src/tests/e2e/iqra-system.test.ts(137,46): error TS2341: Property 'validateMutation' is private and only accessible within class 'IQRAEvolution'.
src/tests/e2e/iqra-system.test.ts(147,46): error TS2341: Property 'validateMutation' is private and only accessible within class 'IQRAEvolution'.
src/tests/e2e/iqra_go_resonance.e2e.ts(2,42): error TS2307: Cannot find module '#brain' or its corresponding type declarations.
src/tests/e2e/memory_growth.e2e.ts(11,28): error TS2307: Cannot find module '#01-core/mission-runner' or its corresponding type declarations.
src/tests/e2e/memory_growth.e2e.ts(12,30): error TS2307: Cannot find module '../../ledger/reward-ledger' or its corresponding type declarations.
src/tests/e2e/memory_growth.e2e.ts(13,28): error TS2307: Cannot find module '#03-memory/memory' or its corresponding type declarations.
src/tests/e2e/pattern_hunter.e2e.ts(25,31): error TS2307: Cannot find module '#12-infrastructure/tools_registry' or its corresponding type declarations.
src/tests/e2e/pattern_hunter.e2e.ts(104,72): error TS2554: Expected 1 arguments, but got 2.
src/tests/e2e/pattern_hunter.e2e.ts(115,40): error TS2339: Property 'compare' does not exist on type 'typeof AbjadCalculator'.
src/tests/e2e/pattern_hunter.e2e.ts(334,46): error TS7006: Parameter 't' implicitly has an 'any' type.
src/tests/e2e/quranic_resonance.test.ts(3,28): error TS2307: Cannot find module '#03-memory/memory' or its corresponding type declarations.
src/tests/e2e/quranic_resonance.test.ts(19,24): error TS2339: Property 'bridge' does not exist on type 'TopologicalResonance'.
src/tests/e2e/resonance_cycle.test.ts(2,33): error TS2307: Cannot find module '#quran/curiosity' or its corresponding type declarations.
src/tests/e2e/resonance_cycle.test.ts(3,28): error TS2307: Cannot find module '#03-memory/memory' or its corresponding type declarations.
src/tests/e2e/sovereign_intelligence.e2e.ts(17,28): error TS2307: Cannot find module '../../lib/iqra/02-infra/logger' or its corresponding type declarations.
src/tests/e2e/sovereign_intelligence.e2e.ts(20,1): error TS2582: Cannot find name 'describe'. Do you need to install type definitions for a test runner? Try `npm i --save-dev @types/jest` or `npm i --save-dev @types/mocha`.
src/tests/e2e/sovereign_intelligence.e2e.ts(22,3): error TS2304: Cannot find name 'beforeAll'.
src/tests/e2e/sovereign_intelligence.e2e.ts(27,3): error TS2582: Cannot find name 'test'. Do you need to install type definitions for a test runner? Try `npm i --save-dev @types/jest` or `npm i --save-dev @types/mocha`.
src/tests/e2e/sovereign_intelligence.e2e.ts(38,5): error TS2304: Cannot find name 'expect'.
src/tests/e2e/sovereign_intelligence.e2e.ts(39,5): error TS2304: Cannot find name 'expect'.
src/tests/e2e/sovereign_intelligence.e2e.ts(40,5): error TS2304: Cannot find name 'expect'.
src/tests/e2e/sovereign_intelligence.e2e.ts(43,3): error TS2582: Cannot find name 'test'. Do you need to install type definitions for a test runner? Try `npm i --save-dev @types/jest` or `npm i --save-dev @types/mocha`.
src/tests/e2e/sovereign_intelligence.e2e.ts(54,5): error TS2304: Cannot find name 'expect'.
src/tests/e2e/sovereign_intelligence.e2e.ts(55,5): error TS2304: Cannot find name 'expect'.
src/tests/e2e/sovereign_intelligence.e2e.ts(56,5): error TS2304: Cannot find name 'expect'.
src/tests/e2e/sovereign_intelligence.e2e.ts(60,5): error TS2304: Cannot find name 'expect'.
src/tests/e2e/sovereign_intelligence.e2e.ts(63,3): error TS2582: Cannot find name 'test'. Do you need to install type definitions for a test runner? Try `npm i --save-dev @types/jest` or `npm i --save-dev @types/mocha`.
src/tests/e2e/sovereign_intelligence.e2e.ts(73,5): error TS2304: Cannot find name 'expect'.
src/tests/e2e/sovereign_intelligence.e2e.ts(74,5): error TS2304: Cannot find name 'expect'.
src/tests/e2e/sovereign_resonance.test.ts(1,28): error TS2307: Cannot find module '#01-core/mission-runner' or its corresponding type declarations.
src/tests/e2e/sovereign_resonance.test.ts(54,48): error TS18046: 'error' is of type 'unknown'.
src/tests/e2e/topological-curiosity.e2e.ts(4,33): error TS2307: Cannot find module '../../orchestrator/topological-loop' or its corresponding type declarations.
src/tests/e2e/topology_reward.test.ts(2,28): error TS2307: Cannot find module '#01-core/mission-runner' or its corresponding type declarations.
src/tests/go_engine_client.test.ts(3,32): error TS2307: Cannot find module '../lib/iqra/quran/go_engine_client' or its corresponding type declarations.
src/tests/governance_sanity.test.ts(3,28): error TS2307: Cannot find module '../lib/iqra/filter' or its corresponding type declarations.
src/tests/iqra/resonance.e2e.ts(2,42): error TS2307: Cannot find module '#brain' or its corresponding type declarations.
src/tests/sovereign_error.test.ts(2,52): error TS2307: Cannot find module '../src/errors/sovereign_error' or its corresponding type declarations.
src/tests/test_curiosity.test.ts(2,33): error TS2307: Cannot find module '../lib/iqra/quran/curiosity' or its corresponding type declarations.
src/tests/test_curiosity.test.ts(3,29): error TS2307: Cannot find module '../lib/iqra/utils/similarity' or its corresponding type declarations.
src/tests/test_curiosity.test.ts(4,27): error TS2307: Cannot find module '../lib/iqra/security' or its corresponding type declarations.
src/tests/test_curiosity.test.ts(5,23): error TS2307: Cannot find module '../lib/iqra/llm/groq' or its corresponding type declarations.
src/tests/unit/conformable-convolution.test.ts(14,15): error TS2305: Module '"#core/ShannonHELEntropy"' has no exported member 'ShannonEntropyResult'.
src/tests/unit/conformable-convolution.test.ts(21,5): error TS2322: Type 'string' is not assignable to type 'number'.
src/tests/unit/conformable-convolution.test.ts(22,5): error TS2322: Type '"letter"' is not assignable to type '"verse" | "word" | "pattern"'.
src/tests/unit/conformable-convolution.test.ts(35,5): error TS2322: Type 'string' is not assignable to type 'number'.
src/tests/unit/conformable-convolution.test.ts(63,5): error TS2353: Object literal may only specify known properties, and 'resonance' does not exist in type 'TopologicalSignature'.
src/tests/unit/conformable-convolution.test.ts(97,47): error TS2554: Expected 0 arguments, but got 1.
src/tests/unit/conformable-convolution.test.ts(109,27): error TS2339: Property 'applyConformableConvolution' does not exist on type 'ConformableConvolution'.
src/tests/unit/conformable-convolution.test.ts(112,21): error TS2339: Property 'feature_map' does not exist on type 'ConformableConvolutionResult'.
src/tests/unit/conformable-convolution.test.ts(113,21): error TS2339: Property 'posterior' does not exist on type 'ConformableConvolutionResult'.
src/tests/unit/conformable-convolution.test.ts(114,21): error TS2339: Property 'kernel' does not exist on type 'ConformableConvolutionResult'.
src/tests/unit/conformable-convolution.test.ts(115,28): error TS2339: Property 'consistency_score' does not exist on type 'ConformableConvolutionResult'.
src/tests/unit/conformable-convolution.test.ts(116,21): error TS2339: Property 'metrics' does not exist on type 'ConformableConvolutionResult'.
src/tests/unit/conformable-convolution.test.ts(120,40): error TS2339: Property 'applyConformableConvolution' does not exist on type 'ConformableConvolution'.
src/tests/unit/conformable-convolution.test.ts(130,40): error TS2339: Property 'applyConformableConvolution' does not exist on type 'ConformableConvolution'.
src/tests/unit/conformable-convolution.test.ts(147,40): error TS2339: Property 'applyConformableConvolution' does not exist on type 'ConformableConvolution'.
src/tests/unit/conformable-convolution.test.ts(158,40): error TS2339: Property 'applyConformableConvolution' does not exist on type 'ConformableConvolution'.
src/tests/unit/conformable-convolution.test.ts(168,40): error TS2339: Property 'applyConformableConvolution' does not exist on type 'ConformableConvolution'.
src/tests/unit/conformable-convolution.test.ts(177,40): error TS2339: Property 'applyConformableConvolution' does not exist on type 'ConformableConvolution'.
src/tests/unit/conformable-convolution.test.ts(186,40): error TS2339: Property 'applyConformableConvolution' does not exist on type 'ConformableConvolution'.
src/tests/unit/conformable-convolution.test.ts(199,40): error TS2339: Property 'applyConformableConvolution' does not exist on type 'ConformableConvolution'.
src/tests/unit/conformable-convolution.test.ts(208,40): error TS2339: Property 'applyConformableConvolution' does not exist on type 'ConformableConvolution'.
src/tests/unit/conformable-convolution.test.ts(215,30): error TS7006: Parameter 'row' implicitly has an 'any' type.
src/tests/unit/conformable-convolution.test.ts(221,40): error TS2339: Property 'applyConformableConvolution' does not exist on type 'ConformableConvolution'.
src/tests/unit/conformable-convolution.test.ts(228,30): error TS7006: Parameter 'row' implicitly has an 'any' type.
src/tests/unit/conformable-convolution.test.ts(234,40): error TS2339: Property 'applyConformableConvolution' does not exist on type 'ConformableConvolution'.
src/tests/unit/conformable-convolution.test.ts(241,42): error TS7006: Parameter 'row' implicitly has an 'any' type.
src/tests/unit/conformable-convolution.test.ts(251,40): error TS2339: Property 'applyConformableConvolution' does not exist on type 'ConformableConvolution'.
src/tests/unit/conformable-convolution.test.ts(261,40): error TS2339: Property 'applyConformableConvolution' does not exist on type 'ConformableConvolution'.
src/tests/unit/conformable-convolution.test.ts(270,40): error TS2339: Property 'applyConformableConvolution' does not exist on type 'ConformableConvolution'.
src/tests/unit/conformable-convolution.test.ts(279,40): error TS2339: Property 'applyConformableConvolution' does not exist on type 'ConformableConvolution'.
src/tests/unit/conformable-convolution.test.ts(289,40): error TS2339: Property 'applyConformableConvolution' does not exist on type 'ConformableConvolution'.
src/tests/unit/conformable-convolution.test.ts(310,40): error TS2339: Property 'applyConformableConvolution' does not exist on type 'ConformableConvolution'.
src/tests/unit/conformable-convolution.test.ts(314,42): error TS7006: Parameter 'o' implicitly has an 'any' type.
src/tests/unit/conformable-convolution.test.ts(319,40): error TS2339: Property 'applyConformableConvolution' does not exist on type 'ConformableConvolution'.
src/tests/unit/conformable-convolution.test.ts(325,26): error TS7006: Parameter 'w' implicitly has an 'any' type.
src/tests/unit/conformable-convolution.test.ts(335,45): error TS2554: Expected 0 arguments, but got 1.
src/tests/unit/conformable-convolution.test.ts(336,31): error TS2339: Property 'applyConformableConvolution' does not exist on type 'ConformableConvolution'.
src/tests/unit/conformable-convolution.test.ts(343,45): error TS2554: Expected 0 arguments, but got 1.
src/tests/unit/conformable-convolution.test.ts(344,31): error TS2339: Property 'applyConformableConvolution' does not exist on type 'ConformableConvolution'.
src/tests/unit/conformable-convolution.test.ts(359,13): error TS2322: Type 'string' is not assignable to type 'number'.
src/tests/unit/conformable-convolution.test.ts(371,40): error TS2339: Property 'applyConformableConvolution' does not exist on type 'ConformableConvolution'.
src/tests/unit/conformable-convolution.test.ts(378,40): error TS2339: Property 'applyConformableConvolution' does not exist on type 'ConformableConvolution'.
src/tests/unit/conformable-convolution.test.ts(387,40): error TS2339: Property 'applyConformableConvolution' does not exist on type 'ConformableConvolution'.
src/tests/unit/conformable-convolution.test.ts(399,21): error TS2339: Property 'applyConformableConvolution' does not exist on type 'ConformableConvolution'.
src/tests/unit/conformable-convolution.test.ts(411,41): error TS2339: Property 'applyConformableConvolution' does not exist on type 'ConformableConvolution'.
src/tests/unit/conformable-convolution.test.ts(412,41): error TS2339: Property 'applyConformableConvolution' does not exist on type 'ConformableConvolution'.
src/tests/unit/conscience_integration.test.ts(17,33): error TS2307: Cannot find module '#damir_conscience' or its corresponding type declarations.
src/tests/unit/conscience_integration.test.ts(18,33): error TS2307: Cannot find module '#conscience/resource_factory' or its corresponding type declarations.
src/tests/unit/conscience_integration.test.ts(194,35): error TS7006: Parameter 'r' implicitly has an 'any' type.
src/tests/unit/conscience_integration.test.ts(196,30): error TS7006: Parameter 'r' implicitly has an 'any' type.
src/tests/unit/conscience_integration.test.ts(206,35): error TS7006: Parameter 'r' implicitly has an 'any' type.
src/tests/unit/conscience_integration.test.ts(219,33): error TS7006: Parameter 'r' implicitly has an 'any' type.
src/tests/unit/conscience_integration.test.ts(232,51): error TS7006: Parameter 'r' implicitly has an 'any' type.
src/tests/unit/conscience_integration.test.ts(233,39): error TS7006: Parameter 'r' implicitly has an 'any' type.
src/tests/unit/constitutional_rules.test.ts(22,35): error TS2307: Cannot find module '#01-core/mission-context' or its corresponding type declarations.
src/tests/unit/constitutional_rules.test.ts(23,34): error TS2307: Cannot find module '../../agents/contracts' or its corresponding type declarations.
src/tests/unit/damir_conscience.test.ts(10,61): error TS2307: Cannot find module '#damir_conscience' or its corresponding type declarations.
src/tests/unit/hierarchical-memory-system.test.ts(8,42): error TS2307: Cannot find module '#core/HierarchicalMemorySystem' or its corresponding type declarations.
src/tests/unit/iqra-seven-layer-architecture.test.ts(11,8): error TS2307: Cannot find module '#core/IQRASevenLayerArchitecture' or its corresponding type declarations.
src/tests/unit/memory_cosine.test.ts(2,28): error TS2307: Cannot find module '#03-memory/memory' or its corresponding type declarations.
src/tests/unit/memory_cosine.test.ts(49,28): error TS7006: Parameter 'v' implicitly has an 'any' type.
src/tests/unit/ollama_local.test.ts(73,48): error TS2307: Cannot find module '../../lib/iqra/llm/ollama.ts' or its corresponding type declarations.
src/tests/unit/ollama_local.test.ts(146,44): error TS2307: Cannot find module '../#memory/memory/micro_memory.ts' or its corresponding type declarations.
src/tests/unit/ollama_local.test.ts(223,44): error TS2307: Cannot find module '../../lib/iqra/llm/ollama.ts' or its corresponding type declarations.
src/tests/unit/ollama_local.test.ts(231,44): error TS2307: Cannot find module '../../lib/iqra/llm/ollama.ts' or its corresponding type declarations.
src/tests/unit/orchestrator.test.ts(2,27): error TS2307: Cannot find module '../../lib/iqra/orchestrator' or its corresponding type declarations.
src/tests/unit/pulse_369.test.ts(9,26): error TS2307: Cannot find module '#03-memory/pulse_369' or its corresponding type declarations.
src/tests/unit/reward-engine.test.ts(37,47): error TS2345: Argument of type '{ novelty: number; resonance: number; }' is not assignable to parameter of type 'RewardVector'.
  Type '{ novelty: number; resonance: number; }' is missing the following properties from type 'RewardVector': topology, penalty
src/tests/unit/reward-engine.test.ts(54,47): error TS2345: Argument of type '{ novelty: number; resonance: number; topology: number; }' is not assignable to parameter of type 'RewardVector'.
  Property 'penalty' is missing in type '{ novelty: number; resonance: number; topology: number; }' but required in type 'RewardVector'.
src/tests/unit/reward_pristine.test.ts(293,22): error TS2339: Property 'computePristineMultiplier' does not exist on type 'typeof RewardEngine'.
src/tests/unit/topological_curiosity.test.ts(11,28): error TS2307: Cannot find module '#03-memory/memory' or its corresponding type declarations.
src/tests/unit/topological_curiosity.test.ts(145,28): error TS7006: Parameter 'v' implicitly has an 'any' type.
src/tests/unit/turbo_compress.test.ts(60,21): error TS2339: Property 'train' does not exist on type 'typeof TurboCompressor'.
src/tests/unit/turbo_compress.test.ts(68,36): error TS2339: Property 'train' does not exist on type 'typeof TurboCompressor'.
src/tests/unit/turbo_compress.test.ts(74,21): error TS2339: Property 'initialized' does not exist on type '{ algorithm: string; embedding_dim: number; compression_ratio: number; min_similarity_guarantee: number; requires_training: boolean; pool_stats: PoolStats | null; }'.
src/tests/unit/turbo_compress.test.ts(75,21): error TS2339: Property 'training_size' does not exist on type '{ algorithm: string; embedding_dim: number; compression_ratio: number; min_similarity_guarantee: number; requires_training: boolean; pool_stats: PoolStats | null; }'.
src/tests/unit/turbo_compress.test.ts(76,21): error TS2339: Property 'avg_error' does not exist on type '{ algorithm: string; embedding_dim: number; compression_ratio: number; min_similarity_guarantee: number; requires_training: boolean; pool_stats: PoolStats | null; }'.
src/tests/unit/turbo_compress.test.ts(77,21): error TS2339: Property 'compression_ratio_theoretical' does not exist on type '{ algorithm: string; embedding_dim: number; compression_ratio: number; min_similarity_guarantee: number; requires_training: boolean; pool_stats: PoolStats | null; }'.
src/tests/unit/turbo_compress.test.ts(93,24): error TS2339: Property 'indices' does not exist on type 'QuantizedVector'.
src/tests/unit/turbo_compress.test.ts(94,24): error TS2339: Property 'indices' does not exist on type 'QuantizedVector'.
src/tests/unit/turbo_compress.test.ts(200,40): error TS2339: Property 'exportCodebook' does not exist on type 'typeof TurboCompressor'.
src/tests/unit/turbo_compress.test.ts(207,40): error TS2339: Property 'exportCodebook' does not exist on type 'typeof TurboCompressor'.
src/tests/unit/turbo_compress.test.ts(211,23): error TS2339: Property 'loadCodebook' does not exist on type 'typeof TurboCompressor'.
src/tests/unit/turbo_compress.test.ts(249,23): error TS2339: Property 'train' does not exist on type 'typeof TurboCompressor'.
